Title: ０１．乾（卦一）
